// Vitest Snapshot v1, https://vitest.dev/guide/snapshot.html

exports[`nation gold per minute > world map, impossible nations, 20 minutes 1`] = `
{
  "aliveNations": 36,
  "perMinute": [
    {
      "cities": 0,
      "factories": 0,
      "minute": 1,
      "ports": 0,
      "shipsArrived": 0,
      "tradeGold": 0,
      "tradeShipsAtSea": 0,
      "trainGold": 0,
      "trainStops": 0,
      "trainsRunning": 0,
    },
    {
      "cities": 2,
      "factories": 0,
      "minute": 2,
      "ports": 0,
      "shipsArrived": 0,
      "tradeGold": 0,
      "tradeShipsAtSea": 0,
      "trainGold": 0,
      "trainStops": 0,
      "trainsRunning": 0,
    },
    {
      "cities": 60,
      "factories": 0,
      "minute": 3,
      "ports": 1,
      "shipsArrived": 0,
      "tradeGold": 0,
      "tradeShipsAtSea": 0,
      "trainGold": 0,
      "trainStops": 0,
      "trainsRunning": 0,
    },
    {
      "cities": 60,
      "factories": 0,
      "minute": 4,
      "ports": 6,
      "shipsArrived": 0,
      "tradeGold": 0,
      "tradeShipsAtSea": 7,
      "trainGold": 0,
      "trainStops": 0,
      "trainsRunning": 0,
    },
    {
      "cities": 64,
      "factories": 0,
      "minute": 5,
      "ports": 13,
      "shipsArrived": 1,
      "tradeGold": 208600,
      "tradeShipsAtSea": 60,
      "trainGold": 0,
      "trainStops": 0,
      "trainsRunning": 0,
    },
    {
      "cities": 70,
      "factories": 3,
      "minute": 6,
      "ports": 16,
      "shipsArrived": 28,
      "tradeGold": 5554000,
      "tradeShipsAtSea": 115,
      "trainGold": 80000,
      "trainStops": 4,
      "trainsRunning": 14,
    },
    {
      "cities": 78,
      "factories": 4,
      "minute": 7,
      "ports": 23,
      "shipsArrived": 89,
      "tradeGold": 17200000,
      "tradeShipsAtSea": 150,
      "trainGold": 420000,
      "trainStops": 16,
      "trainsRunning": 7,
    },
    {
      "cities": 86,
      "factories": 7,
      "minute": 8,
      "ports": 27,
      "shipsArrived": 130,
      "tradeGold": 26600000,
      "tradeShipsAtSea": 156,
      "trainGold": 1250000,
      "trainStops": 31,
      "trainsRunning": 28,
    },
    {
      "cities": 86,
      "factories": 9,
      "minute": 9,
      "ports": 28,
      "shipsArrived": 168,
      "tradeGold": 35870000,
      "tradeShipsAtSea": 167,
      "trainGold": 1990000,
      "trainStops": 55,
      "trainsRunning": 63,
    },
    {
      "cities": 88,
      "factories": 10,
      "minute": 10,
      "ports": 32,
      "shipsArrived": 178,
      "tradeGold": 36500000,
      "tradeShipsAtSea": 195,
      "trainGold": 1790000,
      "trainStops": 59,
      "trainsRunning": 21,
    },
    {
      "cities": 93,
      "factories": 14,
      "minute": 11,
      "ports": 35,
      "shipsArrived": 218,
      "tradeGold": 45630000,
      "tradeShipsAtSea": 212,
      "trainGold": 2850000,
      "trainStops": 79,
      "trainsRunning": 77,
    },
    {
      "cities": 92,
      "factories": 16,
      "minute": 12,
      "ports": 37,
      "shipsArrived": 192,
      "tradeGold": 41490000,
      "tradeShipsAtSea": 210,
      "trainGold": 3730000,
      "trainStops": 87,
      "trainsRunning": 56,
    },
    {
      "cities": 91,
      "factories": 17,
      "minute": 13,
      "ports": 41,
      "shipsArrived": 237,
      "tradeGold": 43750000,
      "tradeShipsAtSea": 211,
      "trainGold": 3930000,
      "trainStops": 102,
      "trainsRunning": 91,
    },
    {
      "cities": 88,
      "factories": 16,
      "minute": 14,
      "ports": 44,
      "shipsArrived": 235,
      "tradeGold": 44420000,
      "tradeShipsAtSea": 220,
      "trainGold": 5040000,
      "trainStops": 132,
      "trainsRunning": 119,
    },
    {
      "cities": 90,
      "factories": 16,
      "minute": 15,
      "ports": 51,
      "shipsArrived": 303,
      "tradeGold": 55690000,
      "tradeShipsAtSea": 250,
      "trainGold": 4090000,
      "trainStops": 129,
      "trainsRunning": 70,
    },
    {
      "cities": 95,
      "factories": 17,
      "minute": 16,
      "ports": 52,
      "shipsArrived": 346,
      "tradeGold": 63120000,
      "tradeShipsAtSea": 256,
      "trainGold": 5130000,
      "trainStops": 125,
      "trainsRunning": 63,
    },
    {
      "cities": 98,
      "factories": 18,
      "minute": 17,
      "ports": 54,
      "shipsArrived": 322,
      "tradeGold": 55940000,
      "tradeShipsAtSea": 277,
      "trainGold": 4460000,
      "trainStops": 128,
      "trainsRunning": 133,
    },
    {
      "cities": 92,
      "factories": 17,
      "minute": 18,
      "ports": 53,
      "shipsArrived": 326,
      "tradeGold": 56450000,
      "tradeShipsAtSea": 263,
      "trainGold": 4640000,
      "trainStops": 124,
      "trainsRunning": 105,
    },
    {
      "cities": 90,
      "factories": 17,
      "minute": 19,
      "ports": 52,
      "shipsArrived": 364,
      "tradeGold": 61710000,
      "tradeShipsAtSea": 260,
      "trainGold": 4900000,
      "trainStops": 144,
      "trainsRunning": 77,
    },
    {
      "cities": 89,
      "factories": 19,
      "minute": 20,
      "ports": 54,
      "shipsArrived": 336,
      "tradeGold": 54490000,
      "tradeShipsAtSea": 292,
      "trainGold": 3710000,
      "trainStops": 109,
      "trainsRunning": 84,
    },
  ],
  "totals": {
    "shipsArrived": 3473,
    "tradeGold": 644600000,
    "trainGold": 48010000,
    "trainStops": 1324,
  },
}
`;
