// Vitest Snapshot v1, https://vitest.dev/guide/snapshot.html

exports[`nation gold per minute > world map, impossible nations, 20 minutes 1`] = `
{
  "aliveNations": 35,
  "perMinute": [
    {
      "cities": 0,
      "factories": 0,
      "minute": 1,
      "ports": 0,
      "shipsArrived": 0,
      "tradeGold": 0,
      "tradeShipsAtSea": 0,
      "trainGold": 0,
      "trainStops": 0,
      "trainsRunning": 0,
    },
    {
      "cities": 2,
      "factories": 0,
      "minute": 2,
      "ports": 0,
      "shipsArrived": 0,
      "tradeGold": 0,
      "tradeShipsAtSea": 0,
      "trainGold": 0,
      "trainStops": 0,
      "trainsRunning": 0,
    },
    {
      "cities": 60,
      "factories": 0,
      "minute": 3,
      "ports": 1,
      "shipsArrived": 0,
      "tradeGold": 0,
      "tradeShipsAtSea": 0,
      "trainGold": 0,
      "trainStops": 0,
      "trainsRunning": 0,
    },
    {
      "cities": 60,
      "factories": 0,
      "minute": 4,
      "ports": 6,
      "shipsArrived": 0,
      "tradeGold": 0,
      "tradeShipsAtSea": 7,
      "trainGold": 0,
      "trainStops": 0,
      "trainsRunning": 0,
    },
    {
      "cities": 64,
      "factories": 0,
      "minute": 5,
      "ports": 13,
      "shipsArrived": 1,
      "tradeGold": 208600,
      "tradeShipsAtSea": 60,
      "trainGold": 0,
      "trainStops": 0,
      "trainsRunning": 0,
    },
    {
      "cities": 70,
      "factories": 3,
      "minute": 6,
      "ports": 15,
      "shipsArrived": 28,
      "tradeGold": 5486000,
      "tradeShipsAtSea": 115,
      "trainGold": 120000,
      "trainStops": 6,
      "trainsRunning": 7,
    },
    {
      "cities": 76,
      "factories": 6,
      "minute": 7,
      "ports": 19,
      "shipsArrived": 84,
      "tradeGold": 16570000,
      "tradeShipsAtSea": 138,
      "trainGold": 440000,
      "trainStops": 22,
      "trainsRunning": 0,
    },
    {
      "cities": 82,
      "factories": 6,
      "minute": 8,
      "ports": 20,
      "shipsArrived": 114,
      "tradeGold": 23360000,
      "tradeShipsAtSea": 132,
      "trainGold": 930000,
      "trainStops": 39,
      "trainsRunning": 28,
    },
    {
      "cities": 89,
      "factories": 10,
      "minute": 9,
      "ports": 22,
      "shipsArrived": 135,
      "tradeGold": 29020000,
      "tradeShipsAtSea": 122,
      "trainGold": 430000,
      "trainStops": 27,
      "trainsRunning": 21,
    },
    {
      "cities": 89,
      "factories": 11,
      "minute": 10,
      "ports": 22,
      "shipsArrived": 148,
      "tradeGold": 29320000,
      "tradeShipsAtSea": 142,
      "trainGold": 1420000,
      "trainStops": 50,
      "trainsRunning": 42,
    },
    {
      "cities": 95,
      "factories": 14,
      "minute": 11,
      "ports": 27,
      "shipsArrived": 142,
      "tradeGold": 27880000,
      "tradeShipsAtSea": 187,
      "trainGold": 3500000,
      "trainStops": 86,
      "trainsRunning": 56,
    },
    {
      "cities": 93,
      "factories": 15,
      "minute": 12,
      "ports": 33,
      "shipsArrived": 187,
      "tradeGold": 36010000,
      "tradeShipsAtSea": 222,
      "trainGold": 6640000,
      "trainStops": 140,
      "trainsRunning": 112,
    },
    {
      "cities": 89,
      "factories": 13,
      "minute": 13,
      "ports": 42,
      "shipsArrived": 223,
      "tradeGold": 44420000,
      "tradeShipsAtSea": 214,
      "trainGold": 5220000,
      "trainStops": 118,
      "trainsRunning": 77,
    },
    {
      "cities": 94,
      "factories": 14,
      "minute": 14,
      "ports": 49,
      "shipsArrived": 244,
      "tradeGold": 44540000,
      "tradeShipsAtSea": 252,
      "trainGold": 6440000,
      "trainStops": 134,
      "trainsRunning": 98,
    },
    {
      "cities": 91,
      "factories": 13,
      "minute": 15,
      "ports": 44,
      "shipsArrived": 219,
      "tradeGold": 42400000,
      "tradeShipsAtSea": 181,
      "trainGold": 3790000,
      "trainStops": 107,
      "trainsRunning": 21,
    },
    {
      "cities": 87,
      "factories": 13,
      "minute": 16,
      "ports": 43,
      "shipsArrived": 220,
      "tradeGold": 39940000,
      "tradeShipsAtSea": 245,
      "trainGold": 1850000,
      "trainStops": 59,
      "trainsRunning": 56,
    },
    {
      "cities": 90,
      "factories": 15,
      "minute": 17,
      "ports": 39,
      "shipsArrived": 289,
      "tradeGold": 54780000,
      "tradeShipsAtSea": 208,
      "trainGold": 2680000,
      "trainStops": 98,
      "trainsRunning": 70,
    },
    {
      "cities": 92,
      "factories": 16,
      "minute": 18,
      "ports": 43,
      "shipsArrived": 250,
      "tradeGold": 47710000,
      "tradeShipsAtSea": 255,
      "trainGold": 2755000,
      "trainStops": 86,
      "trainsRunning": 42,
    },
    {
      "cities": 95,
      "factories": 17,
      "minute": 19,
      "ports": 46,
      "shipsArrived": 328,
      "tradeGold": 63110000,
      "tradeShipsAtSea": 269,
      "trainGold": 2870000,
      "trainStops": 99,
      "trainsRunning": 63,
    },
    {
      "cities": 94,
      "factories": 19,
      "minute": 20,
      "ports": 47,
      "shipsArrived": 359,
      "tradeGold": 68490000,
      "tradeShipsAtSea": 256,
      "trainGold": 2770000,
      "trainStops": 107,
      "trainsRunning": 70,
    },
  ],
  "totals": {
    "shipsArrived": 2971,
    "tradeGold": 573200000,
    "trainGold": 41860000,
    "trainStops": 1178,
  },
}
`;
