// Vitest Snapshot v1, https://vitest.dev/guide/snapshot.html

exports[`nation gold per minute > world map, impossible nations, 20 minutes 1`] = `
{
  "aliveNations": 30,
  "perMinute": [
    {
      "cities": 0,
      "factories": 0,
      "minute": 1,
      "ports": 0,
      "shipsArrived": 0,
      "tradeGold": 0,
      "tradeShipsAtSea": 0,
      "trainGold": 0,
      "trainStops": 0,
      "trainsRunning": 0,
    },
    {
      "cities": 2,
      "factories": 0,
      "minute": 2,
      "ports": 0,
      "shipsArrived": 0,
      "tradeGold": 0,
      "tradeShipsAtSea": 0,
      "trainGold": 0,
      "trainStops": 0,
      "trainsRunning": 0,
    },
    {
      "cities": 60,
      "factories": 0,
      "minute": 3,
      "ports": 1,
      "shipsArrived": 0,
      "tradeGold": 0,
      "tradeShipsAtSea": 0,
      "trainGold": 0,
      "trainStops": 0,
      "trainsRunning": 0,
    },
    {
      "cities": 60,
      "factories": 0,
      "minute": 4,
      "ports": 6,
      "shipsArrived": 0,
      "tradeGold": 0,
      "tradeShipsAtSea": 7,
      "trainGold": 0,
      "trainStops": 0,
      "trainsRunning": 0,
    },
    {
      "cities": 64,
      "factories": 0,
      "minute": 5,
      "ports": 13,
      "shipsArrived": 1,
      "tradeGold": 208600,
      "tradeShipsAtSea": 60,
      "trainGold": 0,
      "trainStops": 0,
      "trainsRunning": 0,
    },
    {
      "cities": 70,
      "factories": 3,
      "minute": 6,
      "ports": 16,
      "shipsArrived": 28,
      "tradeGold": 5554000,
      "tradeShipsAtSea": 115,
      "trainGold": 80000,
      "trainStops": 4,
      "trainsRunning": 14,
    },
    {
      "cities": 78,
      "factories": 4,
      "minute": 7,
      "ports": 23,
      "shipsArrived": 89,
      "tradeGold": 17200000,
      "tradeShipsAtSea": 150,
      "trainGold": 420000,
      "trainStops": 16,
      "trainsRunning": 7,
    },
    {
      "cities": 86,
      "factories": 7,
      "minute": 8,
      "ports": 27,
      "shipsArrived": 130,
      "tradeGold": 26600000,
      "tradeShipsAtSea": 156,
      "trainGold": 1250000,
      "trainStops": 31,
      "trainsRunning": 28,
    },
    {
      "cities": 86,
      "factories": 9,
      "minute": 9,
      "ports": 28,
      "shipsArrived": 168,
      "tradeGold": 35870000,
      "tradeShipsAtSea": 167,
      "trainGold": 1990000,
      "trainStops": 55,
      "trainsRunning": 63,
    },
    {
      "cities": 88,
      "factories": 10,
      "minute": 10,
      "ports": 32,
      "shipsArrived": 178,
      "tradeGold": 36500000,
      "tradeShipsAtSea": 195,
      "trainGold": 1790000,
      "trainStops": 59,
      "trainsRunning": 21,
    },
    {
      "cities": 94,
      "factories": 14,
      "minute": 11,
      "ports": 35,
      "shipsArrived": 212,
      "tradeGold": 44410000,
      "tradeShipsAtSea": 198,
      "trainGold": 2590000,
      "trainStops": 73,
      "trainsRunning": 42,
    },
    {
      "cities": 96,
      "factories": 18,
      "minute": 12,
      "ports": 38,
      "shipsArrived": 204,
      "tradeGold": 43880000,
      "tradeShipsAtSea": 219,
      "trainGold": 4730000,
      "trainStops": 101,
      "trainsRunning": 63,
    },
    {
      "cities": 96,
      "factories": 19,
      "minute": 13,
      "ports": 41,
      "shipsArrived": 268,
      "tradeGold": 50150000,
      "tradeShipsAtSea": 229,
      "trainGold": 3760000,
      "trainStops": 116,
      "trainsRunning": 119,
    },
    {
      "cities": 94,
      "factories": 20,
      "minute": 14,
      "ports": 46,
      "shipsArrived": 271,
      "tradeGold": 51710000,
      "tradeShipsAtSea": 230,
      "trainGold": 7940000,
      "trainStops": 204,
      "trainsRunning": 161,
    },
    {
      "cities": 97,
      "factories": 21,
      "minute": 15,
      "ports": 47,
      "shipsArrived": 280,
      "tradeGold": 52040000,
      "tradeShipsAtSea": 223,
      "trainGold": 6190000,
      "trainStops": 167,
      "trainsRunning": 98,
    },
    {
      "cities": 96,
      "factories": 20,
      "minute": 16,
      "ports": 48,
      "shipsArrived": 248,
      "tradeGold": 41240000,
      "tradeShipsAtSea": 247,
      "trainGold": 5530000,
      "trainStops": 143,
      "trainsRunning": 77,
    },
    {
      "cities": 93,
      "factories": 19,
      "minute": 17,
      "ports": 49,
      "shipsArrived": 315,
      "tradeGold": 55100000,
      "tradeShipsAtSea": 262,
      "trainGold": 3230000,
      "trainStops": 103,
      "trainsRunning": 49,
    },
    {
      "cities": 86,
      "factories": 17,
      "minute": 18,
      "ports": 46,
      "shipsArrived": 317,
      "tradeGold": 61770000,
      "tradeShipsAtSea": 271,
      "trainGold": 1180000,
      "trainStops": 72,
      "trainsRunning": 14,
    },
    {
      "cities": 86,
      "factories": 20,
      "minute": 19,
      "ports": 47,
      "shipsArrived": 265,
      "tradeGold": 51370000,
      "tradeShipsAtSea": 197,
      "trainGold": 930000,
      "trainStops": 61,
      "trainsRunning": 35,
    },
    {
      "cities": 77,
      "factories": 19,
      "minute": 20,
      "ports": 47,
      "shipsArrived": 235,
      "tradeGold": 41010000,
      "tradeShipsAtSea": 270,
      "trainGold": 1150000,
      "trainStops": 79,
      "trainsRunning": 35,
    },
  ],
  "totals": {
    "shipsArrived": 3209,
    "tradeGold": 614600000,
    "trainGold": 42760000,
    "trainStops": 1284,
  },
}
`;
